d:\school\11_spring_2025\pc2\assignments\a4\assignment4\teamgwordle\teamgwordle\x64\debug\vc143.pdb
d:\school\11_spring_2025\pc2\assignments\a4\assignment4\teamgwordle\teamgwordle\x64\debug\.netframework,version=v4.8.assemblyattributes.obj
d:\school\11_spring_2025\pc2\assignments\a4\assignment4\teamgwordle\teamgwordle\x64\debug\userlogin.obj
d:\school\11_spring_2025\pc2\assignments\a4\assignment4\teamgwordle\teamgwordle\x64\debug\wordlemainform.obj
d:\school\11_spring_2025\pc2\assignments\a4\assignment4\teamgwordle\teamgwordle\x64\debug\statsform.obj
d:\school\11_spring_2025\pc2\assignments\a4\assignment4\teamgwordle\teamgwordle\x64\debug\utils.obj
d:\school\11_spring_2025\pc2\assignments\a4\assignment4\teamgwordle\teamgwordle\x64\debug\userfilereader.obj
d:\school\11_spring_2025\pc2\assignments\a4\assignment4\teamgwordle\teamgwordle\x64\debug\worddictionaryreader.obj
d:\school\11_spring_2025\pc2\assignments\a4\assignment4\teamgwordle\teamgwordle\x64\debug\player.obj
d:\school\11_spring_2025\pc2\assignments\a4\assignment4\teamgwordle\teamgwordle\x64\debug\gamelogic.obj
d:\school\11_spring_2025\pc2\assignments\a4\assignment4\teamgwordle\teamgwordle\x64\debug\soundcontroller.obj
d:\school\11_spring_2025\pc2\assignments\a4\assignment4\teamgwordle\teamgwordle\x64\debug\gamecontroller.obj
d:\school\11_spring_2025\pc2\assignments\a4\assignment4\teamgwordle\x64\debug\teamgwordle.exe
d:\school\11_spring_2025\pc2\assignments\a4\assignment4\teamgwordle\x64\debug\teamgwordle.pdb
d:\school\11_spring_2025\pc2\assignments\a4\assignment4\teamgwordle\teamgwordle\x64\debug\teamgwordle.tlog\cl.command.1.tlog
d:\school\11_spring_2025\pc2\assignments\a4\assignment4\teamgwordle\teamgwordle\x64\debug\teamgwordle.tlog\cl.items.tlog
d:\school\11_spring_2025\pc2\assignments\a4\assignment4\teamgwordle\teamgwordle\x64\debug\teamgwordle.tlog\cl.read.1.tlog
d:\school\11_spring_2025\pc2\assignments\a4\assignment4\teamgwordle\teamgwordle\x64\debug\teamgwordle.tlog\cl.write.1.tlog
d:\school\11_spring_2025\pc2\assignments\a4\assignment4\teamgwordle\teamgwordle\x64\debug\teamgwordle.tlog\link.command.1.tlog
d:\school\11_spring_2025\pc2\assignments\a4\assignment4\teamgwordle\teamgwordle\x64\debug\teamgwordle.tlog\link.read.1.tlog
d:\school\11_spring_2025\pc2\assignments\a4\assignment4\teamgwordle\teamgwordle\x64\debug\teamgwordle.tlog\link.secondary.1.tlog
d:\school\11_spring_2025\pc2\assignments\a4\assignment4\teamgwordle\teamgwordle\x64\debug\teamgwordle.tlog\link.write.1.tlog
d:\school\11_spring_2025\pc2\assignments\a4\assignment4\teamgwordle\teamgwordle\x64\debug\teamgwordle.tlog\metagen.read.1.tlog
d:\school\11_spring_2025\pc2\assignments\a4\assignment4\teamgwordle\teamgwordle\x64\debug\teamgwordle.tlog\metagen.write.1.tlog
d:\school\11_spring_2025\pc2\assignments\a4\assignment4\teamgwordle\teamgwordle\x64\debug\teamgwordle.tlog\resgen.command.1.tlog
d:\school\11_spring_2025\pc2\assignments\a4\assignment4\teamgwordle\teamgwordle\x64\debug\teamgwordle.tlog\resgen.read.1.tlog
d:\school\11_spring_2025\pc2\assignments\a4\assignment4\teamgwordle\teamgwordle\x64\debug\teamgwordle.tlog\resgen.write.1.tlog
